// Jest Snapshot v1, https://goo.gl/fbAQLP

exports[`testing the example 1 should build the example code 1`] = `
"scalar DateTime

interface List {
  page: Page
  nodes: [Node!]!
}

interface Node {
  id: ID
  createdAt: DateTime
  updatedAt: DateTime
  deletedAt: DateTime
}

type Page {
  page: Int
  limit: Int
  offset: Int
}

type Query {
  random: Float
}
"
`;
